2016-07-20T23:01|785,255|00|US
2016-07-20T23:02|525,149|16|FR
2016-07-20T23:03|361,717|82|FR
2016-07-00|665,990|85|FR
2016-07-20T23:05|549,350|39|FR
2016-07-20T23:06|815,501|71|FR
2016-07-00|121,720|60|AU
2016-07-20T23:08|526,179|82|US
2016-07-20T23:09|965,616|81|FR
2016-07-20T23:10|232,429|00|US
